// Jest Snapshot v1, https://goo.gl/fbAQLP

exports[`App component snapshot testing Matches the snapshot 1`] = `
Array [
  <App />,
]
`;
